// Jest Snapshot v1, https://goo.gl/fbAQLP

exports[`PackageDetails should match snapshot with default state 1`] = `
<DocumentFragment>
  <div
    class="MuiContainer-root MuiContainer-maxWidthLg css-j81c45-MuiContainer-root"
  >
    <div
      class="MuiStack-root css-v2woy3-MuiStack-root"
    >
      <div
        class="MuiStack-root css-1sazv7p-MuiStack-root"
      >
        <h4
          class="MuiTypography-root MuiTypography-h4 MuiTypography-gutterBottom css-1it4a80-MuiTypography-root"
        >
          react
        </h4>
        <hr
          class="MuiDivider-root MuiDivider-fullWidth css-1jpc804-MuiDivider-root"
        />
        <div
          class="MuiGrid2-root MuiGrid2-container MuiGrid2-direction-xs-column MuiGrid2-direction-md-row-reverse MuiGrid2-spacing-xs-5 css-11psefe-MuiGrid2-root"
        >
          <div
            class="MuiGrid2-root MuiGrid2-container MuiGrid2-direction-xs-column MuiGrid2-grid-xs-12 MuiGrid2-grid-md-4 css-1lorcj6-MuiGrid2-root"
          >
            <div
              class="MuiBox-root css-0"
            >
              <h6
                class="MuiTypography-root MuiTypography-h6 css-1miy0lu-MuiTypography-root"
              >
                Author
              </h6>
              <p
                class="MuiTypography-root MuiTypography-body1 css-rizt0-MuiTypography-root"
              >
                Test Author
              </p>
            </div>
            <div
              class="MuiBox-root css-0"
            >
              <h6
                class="MuiTypography-root MuiTypography-h6 css-1miy0lu-MuiTypography-root"
              >
                Description
              </h6>
              <p
                class="MuiTypography-root MuiTypography-body1 css-rizt0-MuiTypography-root"
              >
                React is a JavaScript library for building user interfaces.
              </p>
            </div>
            <div
              class="MuiBox-root css-0"
            >
              <h6
                class="MuiTypography-root MuiTypography-h6 css-1miy0lu-MuiTypography-root"
              >
                Last Updated
              </h6>
              <p
                class="MuiTypography-root MuiTypography-body1 css-rizt0-MuiTypography-root"
              >
                15 Mar 2025, 12:20 am
              </p>
            </div>
            <div
              class="MuiBox-root css-0"
            >
              <h6
                class="MuiTypography-root MuiTypography-h6 css-1miy0lu-MuiTypography-root"
              >
                License
              </h6>
              <p
                class="MuiTypography-root MuiTypography-body1 css-rizt0-MuiTypography-root"
              >
                MIT
              </p>
            </div>
            <div
              class="MuiBox-root css-0"
            >
              <h6
                class="MuiTypography-root MuiTypography-h6 css-1miy0lu-MuiTypography-root"
              >
                Version
              </h6>
              <p
                class="MuiTypography-root MuiTypography-body1 css-rizt0-MuiTypography-root"
              >
                19.0.0
              </p>
            </div>
          </div>
          <div
            class="MuiGrid2-root MuiGrid2-direction-xs-row MuiGrid2-grid-xs-12 MuiGrid2-grid-md-8 css-8boly6-MuiGrid2-root"
          >
            <div
              data-testid="react-markdown"
            >
              # Test README
            </div>
          </div>
        </div>
      </div>
    </div>
  </div>
</DocumentFragment>
`;

exports[`PackageDetails should match snapshot with error message 1`] = `
<DocumentFragment>
  <div
    class="MuiContainer-root MuiContainer-maxWidthLg css-j81c45-MuiContainer-root"
  >
    <div
      class="MuiStack-root css-v2woy3-MuiStack-root"
    >
      <div
        class="MuiPaper-root MuiPaper-elevation MuiPaper-rounded MuiPaper-elevation0 MuiAlert-root MuiAlert-colorError MuiAlert-filledError MuiAlert-filled css-1lw0bg-MuiPaper-root-MuiAlert-root"
        role="alert"
        style="--Paper-shadow: none;"
      >
        <div
          class="MuiAlert-icon css-vab54s-MuiAlert-icon"
        >
          <svg
            aria-hidden="true"
            class="MuiSvgIcon-root MuiSvgIcon-fontSizeInherit css-1ckov0h-MuiSvgIcon-root"
            data-testid="ErrorOutlineIcon"
            focusable="false"
            viewBox="0 0 24 24"
          >
            <path
              d="M11 15h2v2h-2zm0-8h2v6h-2zm.99-5C6.47 2 2 6.48 2 12s4.47 10 9.99 10C17.52 22 22 17.52 22 12S17.52 2 11.99 2zM12 20c-4.42 0-8-3.58-8-8s3.58-8 8-8 8 3.58 8 8-3.58 8-8 8z"
            />
          </svg>
        </div>
        <div
          class="MuiAlert-message css-zioonp-MuiAlert-message"
        >
          Package not found
        </div>
      </div>
    </div>
  </div>
</DocumentFragment>
`;

exports[`PackageDetails should match snapshot with loading state 1`] = `
<DocumentFragment>
  <div
    class="MuiContainer-root MuiContainer-maxWidthLg css-j81c45-MuiContainer-root"
  >
    <div
      class="MuiStack-root css-v2woy3-MuiStack-root"
    >
      <div
        class="MuiStack-root css-1sazv7p-MuiStack-root"
      >
        <span
          class="MuiSkeleton-root MuiSkeleton-text MuiSkeleton-pulse css-kkcbhd-MuiSkeleton-root"
          style="height: 100px;"
        />
        <span
          class="MuiSkeleton-root MuiSkeleton-text MuiSkeleton-pulse css-kkcbhd-MuiSkeleton-root"
        />
        <span
          class="MuiSkeleton-root MuiSkeleton-text MuiSkeleton-pulse css-kkcbhd-MuiSkeleton-root"
        />
      </div>
    </div>
  </div>
</DocumentFragment>
`;
